2025-05-19 20:34:14 [info]: GET /schedules/1747674935470/prices 200 2 - 2.213 ms {} {}
2025-05-19 20:34:35 [info]: GET /schedules/unknown 404 18 - 0.630 ms {} {}
2025-05-19 20:35:21 [info]: GET /unknown 200 19 - 0.427 ms {} {}
2025-05-19 20:38:51 [error]: Uncaught Exception: Error: listen EADDRINUSE: address already in use :::4000
    at Server.setupListenHandle [as _listen2] (node:net:1939:16)
    at listenInCluster (node:net:1996:12)
    at Server.listen (node:net:2101:7)
    at Function.listen (C:\Users\alex1\OneDrive\МИТСО\LabsNodeFull\node_modules\express\lib\application.js:635:24)
    at file:///C:/Users/alex1/OneDrive/%D0%9C%D0%98%D0%A2%D0%A1%D0%9E/LabsNodeFull/build/server.js:12:5
    at ModuleJob.run (node:internal/modules/esm/module_job:274:25)
    at async onImport.tracePromise.__proto__ (node:internal/modules/esm/loader:644:26)
    at async asyncRunEntryPointWithESMLoader (node:internal/modules/run_main:116:5)
2025-05-19 20:39:58 [info]: GET /unknown 200 19 - 0.235 ms {} {}
2025-05-19 20:40:15 [info]: GET /error 200 19 - 0.229 ms {} {}
2025-05-19 20:42:44 [info]: GET /error 200 19 - 2.326 ms {} {}
2025-05-19 20:43:57 [info]: GET /error 200 19 - 1.963 ms {} {}
2025-05-19 20:44:21 [info]: GET /test-error 200 19 - 0.402 ms {} {}
2025-05-19 20:46:56 [info]: GET /test-error 200 19 - 1.912 ms {} {}
2025-05-19 20:50:18 [info]: GET /test-error 200 19 - 0.402 ms {} {}
2025-05-19 20:50:45 [info]: GET / 200 19 - 0.279 ms {} {}
2025-05-19 20:50:46 [info]: GET / 200 19 - 0.270 ms {} {}
2025-05-19 20:51:13 [info]: GET /test-error?param1=value1&param2=value2 200 19 - 0.165 ms {"param1":"value1","param2":"value2"} {}
2025-05-19 20:51:37 [info]: GET /non-existent-route 200 19 - 0.223 ms {} {}
2025-05-19 20:54:47 [info]: GET /non-existent-route 200 19 - 1.836 ms {} {}
2025-05-19 20:55:34 [info]: GET /test-error 200 19 - 1.965 ms {} {}
2025-05-19 20:57:50 [info]: GET /test-error 200 19 - 1.992 ms {} {}
2025-05-19 20:59:55 [info]: GET /test-error 200 19 - 0.414 ms {} {}
2025-05-19 20:59:57 [info]: GET /test-error 200 19 - 0.267 ms {} {}
2025-05-19 21:01:00 [info]: GET /test-error 200 19 - 2.045 ms {} {}
2025-05-19 21:03:36 [info]: GET / 200 19 - 0.386 ms {} {}
2025-05-19 21:03:40 [info]: GET / 200 19 - 0.257 ms {} {}
2025-05-19 21:11:04 [info]: GET / 200 19 - 1.864 ms {} {}
2025-05-19 21:12:01 [info]: GET /tours 200 2 - 0.675 ms {} {}
2025-05-19 21:14:11 [info]: GET /tours/12345 404 14 - 0.766 ms {} {}
2025-05-19 21:15:14 [info]: DELETE /tours/12345 404 14 - 0.467 ms {} {}
2025-05-19 21:16:57 [info]: POST /tours 201 224 - 0.415 ms {} {"title":"Тур по Минску","slug":"minsk-tour","description":"Экскурсия по Минску","isActive":true}
2025-05-20 12:19:41 [info]: POST /tours 201 224 - 9.606 ms {} {"title":"Тур по Минску","slug":"minsk-tour","description":"Экскурсия по Минску","isActive":true}
2025-05-20 12:21:24 [info]: GET /prices/12345 404 15 - 2.200 ms {} {}
